[templatemag.com/demo/templates/Thegrill/animated-navigation/index.html]
[templatemag.com/demo/templates/Thegrill/animated-navigation/assets/img/ico/favicon.ico]
[templatemag.com/demo/templates/Thegrill/animated-navigation/assets/img/ico/apple-touch-icon-144x144.png]
[templatemag.com/demo/templates/Thegrill/animated-navigation/assets/img/ico/apple-touch-icon-114x114.png]
[templatemag.com/demo/templates/Thegrill/animated-navigation/assets/img/ico/apple-touch-icon-72x72.png]
[backblue.gif]
[fade.gif]
[index.html]
[templatemag.com/demo/templates/Thegrill/animated-navigation/assets/img/ico/apple-touch-icon-57x57.png]
[templatemag.com/demo/templates/Thegrill/animated-navigation/assets/css/bootstrap.min.css]
[templatemag.com/demo/templates/Thegrill/animated-navigation/assets/css/animate.css]
[templatemag.com/demo/templates/Thegrill/animated-navigation/assets/css/plugins.css]
[templatemag.com/demo/templates/Thegrill/animated-navigation/assets/css/style.css]
[templatemag.com/demo/templates/Thegrill/animated-navigation/assets/font-awesome-4.1.0/css/font-awesome.min.css]
[templatemag.com/demo/templates/Thegrill/animated-navigation/index.html]
[templatemag.com/demo/templates/Thegrill/animated-navigation/assets/css/pe-icons.css]
[templatemag.com/demo/templates/Thegrill/animated-navigation/assets/fonts/glyphicons-halflings-regular.eot]
[templatemag.com/demo/templates/Thegrill/animated-navigation/assets/fonts/glyphicons-halflings-regulard41d.eot]
[templatemag.com/demo/templates/Thegrill/animated-navigation/assets/fonts/glyphicons-halflings-regular.eot]
[templatemag.com/demo/templates/Thegrill/animated-navigation/assets/fonts/glyphicons-halflings-regular.woff]
[templatemag.com/demo/templates/Thegrill/animated-navigation/assets/fonts/glyphicons-halflings-regular.ttf]
[templatemag.com/demo/templates/Thegrill/animated-navigation/assets/css/bootstrap.min.css]
[templatemag.com/demo/templates/Thegrill/animated-navigation/assets/css/animate.css]
[templatemag.com/demo/templates/Thegrill/animated-navigation/assets/fonts/glyphicons-halflings-regular.svg]
[templatemag.com/demo/templates/Thegrill/animated-navigation/assets/fonts/glyphicons-halflings-regular.ttf]
[templatemag.com/demo/templates/Thegrill/animated-navigation/assets/css/plugins.css]
[templatemag.com/demo/templates/Thegrill/animated-navigation/assets/img/drag.png]
[templatemag.com/demo/templates/Thegrill/animated-navigation/assets/css/style.css]
[templatemag.com/demo/templates/Thegrill/animated-navigation/assets/font-awesome-4.1.0/fonts/fontawesome-webfont.eot]
[templatemag.com/demo/templates/Thegrill/animated-navigation/assets/font-awesome-4.1.0/fonts/fontawesome-webfontd41d.eot]
[templatemag.com/demo/templates/Thegrill/animated-navigation/assets/font-awesome-4.1.0/fonts/fontawesome-webfont.eot]
[templatemag.com/demo/templates/Thegrill/animated-navigation/assets/font-awesome-4.1.0/fonts/fontawesome-webfont.woff]
[templatemag.com/demo/templates/Thegrill/animated-navigation/assets/font-awesome-4.1.0/fonts/fontawesome-webfont.ttf]
[templatemag.com/demo/templates/Thegrill/animated-navigation/assets/font-awesome-4.1.0/css/font-awesome.min.css]
[templatemag.com/demo/templates/Thegrill/animated-navigation/assets/font-awesome-4.1.0/fonts/fontawesome-webfont.svg]
[templatemag.com/demo/templates/Thegrill/animated-navigation/assets/fonts/Pe-icon-7-strokebb1d.eot]
[templatemag.com/demo/templates/Thegrill/animated-navigation/assets/fonts/Pe-icon-7-strokebb1d.eot]
[templatemag.com/demo/templates/Thegrill/animated-navigation/assets/fonts/Pe-icon-7-stroked41d.eot]
[templatemag.com/demo/templates/Thegrill/animated-navigation/assets/fonts/Pe-icon-7-strokebb1d.woff]
[templatemag.com/demo/templates/Thegrill/animated-navigation/assets/fonts/Pe-icon-7-strokebb1d.ttf]
[templatemag.com/demo/templates/Thegrill/animated-navigation/assets/fonts/Pe-icon-7-strokebb1d.ttf]
[templatemag.com/demo/templates/Thegrill/animated-navigation/assets/css/pe-icons.css]
[templatemag.com/demo/templates/Thegrill/animated-navigation/assets/fonts/glyphicons-halflings-regular.svg]
[templatemag.com/demo/templates/Thegrill/animated-navigation/assets/font-awesome-4.1.0/fonts/fontawesome-webfont.svg]
[templatemag.com/demo/templates/Thegrill/animated-navigation/assets/fonts/Pe-icon-7-strokebb1d.svg]
[templatemag.com/demo/templates/Thegrill/animated-navigation/assets/fonts/Pe-icon-7-strokebb1d.svg]
